// Jest Snapshot v1, https://goo.gl/fbAQLP

exports[`Module: Blockchain should show an info if block info is unavailable 1`] = `
Object {
  "body": undefined,
  "icon": "error",
  "layout": "alert",
  "time": 0,
  "title": "Couldn't query block",
  "type": "error",
}
`;

exports[`Module: Blockchain should show an info if block is unavailable 1`] = `
Object {
  "body": undefined,
  "icon": "error",
  "layout": "alert",
  "time": 0,
  "title": "Couldn't query block",
  "type": "error",
}
`;
