// Jest Snapshot v1, https://goo.gl/fbAQLP

exports[`Module: Delegations submits delegation transaction 1`] = `
Array [
  Array [
    "sendTx",
    Object {
      "delegation": Object {
        "amount": "undefined",
        "denom": "STAKE",
      },
      "delegator_addr": "cosmos15ky9du8a2wlstz6fpx3p4mqpjyrm5ctpesxxn9",
      "password": undefined,
      "submitType": undefined,
      "to": "cosmos15ky9du8a2wlstz6fpx3p4mqpjyrm5ctpesxxn9",
      "type": "postDelegation",
      "validator_addr": undefined,
    },
  ],
  Array [
    "updateDelegates",
  ],
]
`;

exports[`Module: Delegations submits undelegation transaction 1`] = `
Array [
  Array [
    "sendTx",
    Object {
      "delegation": Object {
        "amount": "undefined",
        "denom": "STAKE",
      },
      "delegator_addr": "cosmos15ky9du8a2wlstz6fpx3p4mqpjyrm5ctpesxxn9",
      "password": undefined,
      "submitType": undefined,
      "to": "cosmos15ky9du8a2wlstz6fpx3p4mqpjyrm5ctpesxxn9",
      "type": "postDelegation",
      "validator_addr": undefined,
    },
  ],
  Array [
    "updateDelegates",
  ],
]
`;
