// Jest Snapshot v1, https://goo.gl/fbAQLP

exports[`Module: Wallet should handle subscription errors 1`] = `
Array [
  Array [
    "error subscribing to transactions",
    [Error: foo],
  ],
  Array [
    "error subscribing to transactions",
    [Error: foo],
  ],
]
`;

exports[`Module: Wallet should have an empty state by default 1`] = `
Object {
  "address": null,
  "balances": Array [],
  "balancesLoading": true,
  "denoms": Array [],
  "subscribedRPC": null,
  "zoneIds": Array [
    "basecoind-demo1",
    "basecoind-demo2",
  ],
}
`;
