// Jest Snapshot v1, https://goo.gl/fbAQLP

exports[`ModalVote component matches snapshot has the expected html structure 1`] = `
<div
  class="action-modal modal-vote"
  name="slide-fade"
>
  <div
    class="action-modal-header"
  >
    <img
      class="icon action-modal-atom"
      src="~assets/images/cosmos-logo.png"
    />
    <span
      class="action-modal-title"
    >
      Vote
    </span>
     
    <div
      class="action-modal-icon action-modal-close"
      id="closeBtn"
    >
      <i
        class="material-icons"
      >
        close
      </i>
    </div>
  </div>
   
  <div
    class="action-modal-form"
  >
    <div
      class="action-modal-group vote-options tm-form-group"
    >
      <!---->
      <!---->
       
      <div
        class="tm-form-group__field"
      >
        <div
          class="radio-container"
        >
          <input
            id="vote-yes"
            name="Yes"
            type="radio"
            value="Yes"
          />
           
          <label
            for="vote-yes"
          >
            Yes
          </label>
        </div>
         
        <div
          class="radio-container"
        >
          <input
            id="vote-no"
            name="No"
            type="radio"
            value="No"
          />
           
          <label
            for="vote-no"
          >
            No
          </label>
        </div>
         
        <div
          class="radio-container"
        >
          <input
            id="vote-veto"
            name="NoWithVeto"
            type="radio"
            value="NoWithVeto"
          />
           
          <label
            for="vote-veto"
          >
            No With Veto
          </label>
        </div>
         
        <div
          class="radio-container"
        >
          <input
            id="vote-abstain"
            name="Abstain"
            type="radio"
            value="Abstain"
          />
           
          <label
            for="vote-abstain"
          >
            Abstain
          </label>
        </div>
      </div>
    </div>
     
    <div
      class="action-modal-group tm-form-group"
    >
      <!---->
      <label
        class="tm-form-group__label"
        for="password"
      >
        Password
      </label>
       
      <div
        class="tm-form-group__field"
      >
        <input
          class="tm-field"
          id="password"
          placeholder="Password"
          type="password"
        />
      </div>
    </div>
     
    <div
      class="action-modal-group tm-form-group"
    >
      <!---->
      <!---->
       
      <div
        class="tm-form-group__field"
      >
        <div
          class="action-modal-footer"
        >
          <button
            class="tm-btn"
            disabled="disabled"
            id="cast-vote"
          >
            <span
              class="tm-btn__container tm-btn--primary"
            >
              <!---->
              <span
                class="tm-btn__value"
              >
                Vote
              </span>
            </span>
          </button>
        </div>
      </div>
    </div>
  </div>
   
  <div
    class="action-modal-footer"
  />
</div>
`;
