// Jest Snapshot v1, https://goo.gl/fbAQLP

exports[`ModalVote has the expected html structure 1`] = `
<div
  class="action-modal modal-vote"
  id="modal-vote"
  name="slide-fade"
>
  <div
    class="action-modal-header"
  >
    <img
      class="icon action-modal-atom"
      src="~assets/images/cosmos-logo.png"
    />
    <span
      class="action-modal-title"
    >
      Vote
    </span>
     
    <div
      class="action-modal-icon action-modal-close"
      id="closeBtn"
    >
      <i
        class="material-icons"
      >
        close
      </i>
    </div>
  </div>
   
  <div
    class="action-modal-form"
  >
    <div
      class="action-modal-group vote-options tm-form-group"
    >
      <!---->
      <!---->
       
      <div
        class="tm-form-group__field"
      >
        <button
          class="tm-btn"
          id="vote-yes"
        >
          <span
            class="tm-btn__container tm-btn--size-md tm-btn--secondary"
          >
            <!---->
            <span
              class="tm-btn__value"
            >
              Yes
            </span>
          </span>
        </button>
         
        <button
          class="tm-btn"
          id="vote-no"
        >
          <span
            class="tm-btn__container tm-btn--size-md tm-btn--secondary"
          >
            <!---->
            <span
              class="tm-btn__value"
            >
              No
            </span>
          </span>
        </button>
         
        <button
          class="tm-btn"
          id="vote-veto"
        >
          <span
            class="tm-btn__container tm-btn--size-md tm-btn--secondary"
          >
            <!---->
            <span
              class="tm-btn__value"
            >
              No With Veto
            </span>
          </span>
        </button>
         
        <button
          class="tm-btn"
          id="vote-abstain"
        >
          <span
            class="tm-btn__container tm-btn--size-md tm-btn--secondary"
          >
            <!---->
            <span
              class="tm-btn__value"
            >
              Abstain
            </span>
          </span>
        </button>
         
        <!---->
      </div>
    </div>
     
    <div
      class="action-modal-form-group tm-form-group"
    >
      <!---->
      <label
        class="tm-form-group__label"
        for="sign-method"
      >
        Signing Method
      </label>
       
      <div
        class="tm-form-group__field"
      >
        <div
          class="tm-select"
          id="sign-method"
        >
          <select
            class="tm-field tm-field-select"
          >
            <option
              disabled="disabled"
              hidden="hidden"
              selected="selected"
              value=""
            >
              Select option...
            </option>
             
            <option
              value="local"
            >
              (Unsafe) Local Account
            </option>
            <option
              value="ledger"
            >
              Ledger
            </option>
          </select>
           
          <div
            class="tm-field-select-addon"
          >
            <i
              class="material-icons"
            >
              arrow_drop_down
            </i>
          </div>
        </div>
      </div>
    </div>
     
    <div
      class="action-modal-group tm-form-group"
    >
      <!---->
      <label
        class="tm-form-group__label"
        for="password"
      >
        Password
      </label>
       
      <div
        class="tm-form-group__field"
      >
        <input
          class="tm-field"
          id="password"
          placeholder="Password"
          type="password"
        />
         
        <!---->
      </div>
    </div>
  </div>
   
  <div
    class="action-modal-footer"
  >
    <div
      class="action-modal-group tm-form-group"
    >
      <!---->
      <!---->
       
      <div
        class="tm-form-group__field"
      >
        <div
          class="action-modal-footer"
        >
          <button
            class="tm-btn"
          >
            <span
              class="tm-btn__container tm-btn--primary"
            >
              <!---->
              <span
                class="tm-btn__value"
              >
                Submit
              </span>
            </span>
          </button>
        </div>
      </div>
    </div>
     
    <!---->
  </div>
</div>
`;
