// Jest Snapshot v1, https://goo.gl/fbAQLP

exports[`ModalPropose should display proposal modal form 1`] = `
<action-modal-stub
  id="modal-propose"
  submissionerrorprefix="Submitting proposal failed"
  submitfn="function () { [native code] }"
  title="Proposal"
  validate="function () { [native code] }"
>
  <tm-form-group-stub
    class="action-modal-form-group"
    fieldid="title"
    fieldlabel="Title"
  >
    <tm-field-stub
      id="title"
      placeholder="Proposal title"
      type="text"
      value=""
    />
     
    <!---->
     
    <!---->
  </tm-form-group-stub>
   
  <tm-form-group-stub
    class="action-modal-form-group"
    fieldid="description"
    fieldlabel="Description"
  >
    <tm-field-stub
      class="textarea-large"
      id="description"
      placeholder="Write your proposal here..."
      type="textarea"
      value=""
    />
     
    <!---->
     
    <!---->
  </tm-form-group-stub>
   
  <tm-form-group-stub
    class="action-modal-form-group"
    fieldid="amount"
    fieldlabel="Amount"
  >
    <span
      class="input-suffix"
    >
      uatom
    </span>
     
    <tm-field-stub
      id="amount"
      type="number"
      value="0"
    />
     
    <!---->
  </tm-form-group-stub>
</action-modal-stub>
`;
