// Jest Snapshot v1, https://goo.gl/fbAQLP

exports[`TabProposals has the expected html structure 1`] = `"<tm-data-loading></tm-data-loading>"`;

exports[`TabProposals shows a message if still connecting 1`] = `"<tm-data-connecting></tm-data-connecting>"`;

exports[`TabProposals shows a message if still loading 1`] = `"<tm-data-loading></tm-data-loading>"`;

exports[`TabProposals shows a message if there is nothing to display 1`] = `"<tm-data-loading></tm-data-loading>"`;
