// Jest Snapshot v1, https://goo.gl/fbAQLP

exports[`TabProposals shows a message if still connecting 1`] = `<tmdataconnecting-stub />`;

exports[`TabProposals shows a message if still loading 1`] = `
<tmdataloading-stub
  title="Data is loading…"
/>
`;

exports[`TabProposals shows a message if there is nothing to display 1`] = `
<tmdataempty-stub
  icon="gavel"
  subtitle="There are currently no governance proposals to display.
  Click the 'Create Proposal' button to submit a proposal."
  title="No Governance Proposals"
/>
`;

exports[`TabProposals shows a proposals table 1`] = `
<tableproposals-stub
  proposals="[object Object]"
/>
`;
