// Jest Snapshot v1, https://goo.gl/fbAQLP

exports[`ModalWithdrawRewards should show the withdraw rewards modal 1`] = `
<actionmodal-stub
  amount="0"
  class="modal-withdraw-rewards"
  id="modal-withdraw-rewards"
  notifymessage="[object Object]"
  submissionerrorprefix="Withdrawal failed"
  title="Claim Rewards"
  transactiondata="[object Object]"
  validatoraddress="cosmos1234567"
>
  <span
    class="form-message notice withdraw-limit"
  >
    
    Lunie will only withdraw rewards from 5 validators at a time because of a
    limitation with the Ledger Nano S.
  
  </span>
   
  <tmformgroup-stub
    class="action-modal-form-group"
    fieldid="amount"
    fieldlabel="Amount"
  >
    <span
      class="input-suffix"
    >
      STAKE
    </span>
  </tmformgroup-stub>
</actionmodal-stub>
`;
