// Jest Snapshot v1, https://goo.gl/fbAQLP

exports[`Avatar should show an avatar 1`] = `
<div>
  function (random) {
        jdenticon_1.default.config = {
            hues: options.hues,
            lightness: {
                color: options.colorLightness,
                grayscale: options.grayscaleLightness
            },
            saturation: {
                color: options.colorSaturation,
                grayscale: options.grayscaleSaturation
            },
            backColor: options.background
        };
        return jdenticon_1.default
            .toSvg(random.seed, 50, options.padding || 0)
            .replace('width="50"', '')
            .replace('height="50"', '');
    }
</div>
`;
