// Jest Snapshot v1, https://goo.gl/fbAQLP

exports[`TmNotifications.vue has the expected html structure 1`] = `
<div
  class="tm-notifications"
>
  <div
    class="tm-notification"
  >
    <header>
      <!---->
       
      <!---->
       
      <menu>
        <div
          class="time"
        >
          
        a few seconds ago
      
        </div>
         
        <i
          class="close material-icons"
        >
          close
        </i>
      </menu>
    </header>
     
    <div
      class="body"
    >
      
    asdf
  
    </div>
  </div>
  <div
    class="tm-notification"
  >
    <header>
      <!---->
       
      <!---->
       
      <menu>
        <div
          class="time"
        >
          
        a few seconds ago
      
        </div>
         
        <i
          class="close material-icons"
        >
          close
        </i>
      </menu>
    </header>
     
    <div
      class="body"
    >
      
    sadf
  
    </div>
  </div>
</div>
`;
