// Jest Snapshot v1, https://goo.gl/fbAQLP

exports[`LiProposal has the expected html structure 1`] = `
<tr
  class="li-proposal"
>
  <td>
    <span
      class="proposal-status green"
    >
      Passed
    </span>
     
    <h3
      class="li-proposal-title"
    >
      
      Proposal Title
    
    </h3>
     
    <p
      class="li-proposal-description"
    >
      
      Proposal description
    
    </p>
  </td>
</tr>
`;

exports[`LiProposal should survive the tally result not being present yet 1`] = `
<tr
  class="li-proposal"
>
  <td>
    <span
      class="proposal-status green"
    >
      Passed
    </span>
     
    <h3
      class="li-proposal-title"
    >
      
      Proposal Title
    
    </h3>
     
    <p
      class="li-proposal-description"
    >
      
      Proposal description
    
    </p>
  </td>
</tr>
`;
