// Jest Snapshot v1, https://goo.gl/fbAQLP

exports[`DelegationsOverview shows an overview over all delegations of the user 1`] = `
<div
  validators="[object Object],[object Object],[object Object]"
>
  <div>
    <tablevalidators-stub
      showonmobile="my_delegations"
      validators="[object Object],[object Object],[object Object]"
    />
  </div>
</div>
`;
