// Jest Snapshot v1, https://goo.gl/fbAQLP

exports[`DelegationModal component matches snapshot has the expected html structure 1`] = `
<div
  class="action-modal delegation-modal"
  id="delegation-modal"
  name="slide-fade"
>
  <div
    class="action-modal-header"
  >
    <img
      class="icon action-modal-atom"
      src="~assets/images/cosmos-logo.png"
    />
     
    <span
      class="action-modal-title"
    >
      
        Delegate
      
    </span>
     
    <div
      class="action-modal-icon action-modal-close"
      id="closeBtn"
    >
      <i
        class="material-icons"
      >
        close
      </i>
    </div>
  </div>
   
  <div
    class="action-modal-form"
  >
    <div
      class="action-modal-form-group tm-form-group"
    >
      <!---->
      <label
        class="tm-form-group__label"
        for="to"
      >
        
    To
  
      </label>
       
      <div
        class="tm-form-group__field"
      >
        <input
          class="tm-field"
          id="to"
          readonly="readonly"
          type="text"
        />
      </div>
    </div>
     
    <div
      class="action-modal-form-group tm-form-group"
    >
      <!---->
      <label
        class="tm-form-group__label"
        for="from"
      >
        
    From
  
      </label>
       
      <div
        class="tm-form-group__field"
      >
        <div
          class="tm-select"
          id="from"
          title="cosmos15ky9du8a2wlstz6fpx3p4mqpjyrm5ctpesxxn9"
        >
          <select
            class="tm-field tm-field-select"
          >
            <option
              disabled="disabled"
              hidden="hidden"
              selected="selected"
              value=""
            >
              
      Select option...
    
            </option>
             
            <option
              value="0"
            >
              
        My Wallet - cosmos…3p4mqpjyrm5ctpesxxn9
      
            </option>
            <option
              value="1"
            >
              
        Billy the Bill - cosmos…psjr9565ef72pv9g20yx
      
            </option>
            <option
              value="2"
            >
              
        Kentucky - cosmos…np9rldprgant57ryzag7
      
            </option>
          </select>
           
          <div
            class="tm-field-select-addon"
          >
            <i
              class="material-icons"
            >
              arrow_drop_down
            </i>
          </div>
        </div>
      </div>
    </div>
     
    <div
      class="action-modal-form-group tm-form-group"
    >
      <!---->
      <label
        class="tm-form-group__label"
        for="amount"
      >
        
    Amount
  
      </label>
       
      <div
        class="tm-form-group__field"
      >
        <span
          class="input-suffix"
        >
          STAKE
        </span>
         
        <input
          class="tm-field"
          id="amount"
          placeholder="Amount"
          type="number"
        />
         
        <!---->
      </div>
    </div>
     
    <!---->
     
    <div
      class="action-modal-group tm-form-group"
    >
      <!---->
      <label
        class="tm-form-group__label"
        for="password"
      >
        
    Password
  
      </label>
       
      <div
        class="tm-form-group__field"
      >
        <input
          class="tm-field"
          id="password"
          placeholder="Password"
          type="password"
        />
         
        <!---->
      </div>
    </div>
  </div>
   
  <div
    class="action-modal-footer"
  >
    <div
      class="action-modal-group tm-form-group"
    >
      <!---->
      <!---->
       
      <div
        class="tm-form-group__field"
      >
        <div
          class="action-modal-footer"
        >
          <button
            class="tm-btn"
          >
            <span
              class="tm-btn__container tm-btn--primary"
            >
              <!---->
              <span
                class="tm-btn__value"
              >
                Submit
              </span>
            </span>
          </button>
        </div>
      </div>
    </div>
     
    <!---->
  </div>
</div>
`;
