// Jest Snapshot v1, https://goo.gl/fbAQLP

exports[`ModalWithdrawAllRewards should show the withdraw rewards modal 1`] = `
<action-modal-stub
  class="modal-withdraw-rewards"
  id="modal-withdraw-all-rewards"
  submissionerrorprefix="Withdrawal failed"
  submitfn="function () { [native code] }"
  title="Withdraw Rewards"
  validate="function _default() {
          /* istanbul ignore next */
          cov_2ojnrho1tv.f[2]++;
          cov_2ojnrho1tv.s[29]++;
          return true;
        }"
>
  <tm-form-group-stub
    class="action-modal-form-group"
    fieldid="amount"
    fieldlabel="Amount"
  >
    <span
      class="input-suffix"
    >
      stake
    </span>
     
    <tm-field-stub
      id="amount"
      readonly=""
      type="number"
      value="1"
    />
  </tm-form-group-stub>
</action-modal-stub>
`;
