// Jest Snapshot v1, https://goo.gl/fbAQLP

exports[`UndelegationModal component matches snapshot has the expected html structure 1`] = `
<action-modal-stub
  class="undelegation-modal"
  id="undelegation-modal"
  submissionerrorprefix="Undelegating failed"
  submitfn="function () { [native code] }"
  title="Undelegate"
  validate="function () { [native code] }"
>
  <tm-form-group-stub
    class="action-modal-form-group"
    fieldid="from"
    fieldlabel="From"
  >
    <tm-field-stub
      id="from"
      readonly=""
      type="text"
      value="cosmosvaladdr15ky9du8a2wlstz6fpx3p4mqpjyrm5ctplpn3au"
    />
  </tm-form-group-stub>
   
  <tm-form-group-stub
    class="action-modal-form-group"
    fieldid="amount"
    fieldlabel="Amount"
  >
    <span
      class="input-suffix"
    >
      STAKE
    </span>
     
    <tm-field-stub
      id="amount"
      placeholder="Amount"
      type="number"
    />
     
    <p>
      
      STAKEs delegated: 1000000000
    
    </p>
     
    <!---->
  </tm-form-group-stub>
</action-modal-stub>
`;
