// Jest Snapshot v1, https://goo.gl/fbAQLP

exports[`DataEmptyBlock has the expected html structure 1`] = `
<div
  class="tm-data-msg"
>
  <div
    class="tm-data-msg__icon"
  >
    <i
      class="material-icons"
    >
      info_outline
    </i>
  </div>
   
  <div
    class="tm-data-msg__text"
  >
    <div
      class="tm-data-msg__title"
    >
      <div>
        
    No Transactions
  
      </div>
    </div>
     
    <div
      class="tm-data-msg__subtitle"
    >
      <div>
        
    This block doesn't contain any transaction.
  
      </div>
    </div>
  </div>
</div>
`;
