// Jest Snapshot v1, https://goo.gl/fbAQLP

exports[`NiModalSearch has the expected html structure 1`] = `
<div
  class="ni-modal-search"
>
  <div
    class="ni-modal-search-container"
  >
    <div
      class="ni-form-group"
    >
      <!---->
      <!---->
      <div
        class="ni-form-group__field"
      >
        <div
          class="ni-modal-search-field"
        >
          <input
            class="mousetrap ni-field"
            id="search-input"
            placeholder="Search..."
            type="text"
          />
          <button
            class="ni-btn"
          >
            <span
              class="ni-btn-container"
            >
              <i
                aria-hidden="true"
                class="ni-btn-icon material-icons"
              >
                close
              </i>
              <!---->
            </span>
          </button>
        </div>
      </div>
    </div>
  </div>
</div>
`;
