// Jest Snapshot v1, https://goo.gl/fbAQLP

exports[`NiPart has the expected html structure 1`] = `
<section
  class="ni-part"
>
  <div
    class="ni-part-container"
  >
    <header
      class="ni-part-header"
    >
      <div
        class="ni-part-header-container"
      >
        <div
          class="ni-part-title h5"
        >
          Test
        </div>
        <menu
          class="ni-part-menu"
        />
      </div>
    </header>
    <main
      class="ni-part-main"
    />
  </div>
</section>
`;
