// Jest Snapshot v1, https://goo.gl/fbAQLP

exports[`PageProfile has the expected html structure if connected 1`] = `
<div
  class="ni-page"
>
  <header
    class="ni-page-header"
  >
    <div
      class="ni-page-header-container"
    >
      <div
        class="ni-page-header-text"
      >
        <div
          class="ni-page-header-title"
        >
          <h2>
            My Profile
          </h2>
        </div>
        <div
          class="ni-page-header-subtitle"
        >
          <h3>
            
          </h3>
        </div>
      </div>
      <menu
        class="ni-page-header-menu"
      >
        <div>
          <div>
            <div
              class="ni-tool-bar"
            >
              <div
                class="ni-tool-bar-container"
              >
                <div
                  class="main"
                />
                <a
                  class="back"
                >
                  <i
                    class="material-icons"
                  >
                    arrow_back
                  </i>
                </a>
                <a
                  class="help"
                >
                  <i
                    class="material-icons"
                  >
                    help_outline
                  </i>
                </a>
                <a
                  class="sign-out"
                >
                  <i
                    class="material-icons"
                  >
                    exit_to_app
                  </i>
                </a>
              </div>
            </div>
          </div>
        </div>
      </menu>
    </div>
  </header>
  <main
    class="ni-page-main ps"
  >
    <section
      class="ni-part"
    >
      <div
        class="ni-part-container"
      >
        <header
          class="ni-part-header"
        >
          <div
            class="ni-part-header-container"
          >
            <div
              class="ni-part-title h5"
            >
              My Profile
            </div>
            <menu
              class="ni-part-menu"
            />
          </div>
        </header>
        <main
          class="ni-part-main"
        >
          <div
            class="ni-li"
          >
            <div
              class="ni-li-container"
            >
              <div
                class="ni-li-thumb"
              >
                <!---->
              </div>
              <div
                class="ni-li-dl"
              >
                <div
                  class="ni-li-dt"
                >
                  Account Name
                </div>
                <div
                  class="ni-li-dd"
                >
                  default
                </div>
              </div>
            </div>
          </div>
          <div
            class="ni-li"
          >
            <div
              class="ni-li-container"
            >
              <div
                class="ni-li-thumb"
              >
                <!---->
              </div>
              <div
                class="ni-li-dl"
              >
                <div
                  class="ni-li-dt"
                >
                  Address
                </div>
                <div
                  class="ni-li-dd"
                >
                  DF096FDE8D380FA5B2AD20DB2962C82DDEA1ED9B
                </div>
              </div>
            </div>
          </div>
          <div
            class="ni-li"
          >
            <div
              class="ni-li-container"
            >
              <div
                class="ni-li-thumb"
              >
                <!---->
              </div>
              <div
                class="ni-li-dl"
              >
                <div
                  class="ni-li-dt"
                >
                  Remote error tracking
                </div>
                <div
                  class="ni-li-dd ni-li-dd-flush"
                >
                  <div>
                    <div
                      class="ni-field-checkbox"
                    >
                      <div
                        class="ni-field-checkbox-input"
                      >
                        <input
                          id="toggle-error-reports"
                          type="checkbox"
                        />
                      </div>
                    </div>
                  </div>
                </div>
              </div>
            </div>
          </div>
          <div
            class="ni-li"
          >
            <div
              class="ni-li-container"
            >
              <div
                class="ni-li-thumb"
              >
                <!---->
              </div>
              <div
                class="ni-li-dl"
              >
                <div
                  class="ni-li-dt"
                >
                  Light theme
                </div>
                <div
                  class="ni-li-dd ni-li-dd-flush"
                >
                  <div>
                    <div
                      class="ni-field-checkbox"
                    >
                      <div
                        class="ni-field-checkbox-input"
                      >
                        <input
                          id="toggle-light-theme"
                          type="checkbox"
                        />
                      </div>
                    </div>
                  </div>
                </div>
              </div>
            </div>
          </div>
          <div
            class="ni-li"
          >
            <div
              class="ni-li-container"
            >
              <div
                class="ni-li-thumb"
              >
                <!---->
              </div>
              <div
                class="ni-li-dl"
              >
                <div
                  class="ni-li-dt"
                >
                  Onboarding tutorial
                </div>
                <div
                  class="ni-li-dd ni-li-dd-flush"
                >
                  <div>
                    <div
                      class="ni-field-checkbox"
                    >
                      <div
                        class="ni-field-checkbox-input"
                      >
                        <input
                          id="toggle-onboarding"
                          type="checkbox"
                        />
                      </div>
                    </div>
                  </div>
                </div>
              </div>
            </div>
          </div>
          <div
            class="ni-li"
          >
            <div
              class="ni-li-container"
            >
              <div
                class="ni-li-thumb"
              >
                <!---->
              </div>
              <div
                class="ni-li-dl"
              >
                <div
                  class="ni-li-dt"
                >
                  Mock Connection
                </div>
                <div
                  class="ni-li-dd ni-li-dd-flush"
                >
                  <div>
                    <div
                      class="ni-field-checkbox"
                    >
                      <div
                        class="ni-field-checkbox-input"
                      >
                        <input
                          id="toggle-onboarding"
                          type="checkbox"
                        />
                      </div>
                    </div>
                  </div>
                </div>
              </div>
            </div>
          </div>
        </main>
      </div>
    </section>
    <div
      class="sign-out-container"
    >
      <button
        class="ni-btn"
        type="button"
      >
        <span
          class="ni-btn__container"
        >
          <i
            aria-hidden="true"
            class="ni-btn__icon material-icons"
          >
            exit_to_app
          </i>
          <!---->
          <span
            class="ni-btn__value"
          >
            Sign Out
          </span>
        </span>
      </button>
    </div>
    <div
      class="ps__rail-x"
      style="left: 0px; top: 0px;"
    >
      <div
        class="ps__thumb-x"
        style="left: 0px; width: 0px;"
        tabindex="0"
      />
    </div>
    <div
      class="ps__rail-y"
      style="top: 0px; left: 0px;"
    >
      <div
        class="ps__thumb-y"
        style="top: 0px; height: 0px;"
        tabindex="0"
      />
    </div>
  </main>
</div>
`;
