// Jest Snapshot v1, https://goo.gl/fbAQLP

exports[`Page404 has the expected html structure 1`] = `
<div
  class="tm-page"
>
  <header
    class="tm-page-header"
  >
    <div
      class="tm-page-header-container"
    >
      <div
        class="tm-page-header-text"
      >
        <div
          class="tm-page-header-title"
        >
          <h2>
            404 - Page Not Found
          </h2>
        </div>
        <div
          class="tm-page-header-subtitle"
        >
          <h3>
            
          </h3>
        </div>
      </div>
      <menu
        class="tm-page-header-menu"
      >
        <div />
      </menu>
    </div>
  </header>
  <main
    class="tm-page-main ps"
  >
    <section
      class="tm-part"
    >
      <div
        class="tm-part-container"
      >
        <header
          class="tm-part-header"
        >
          <div
            class="tm-part-header-container"
          >
            <div
              class="tm-part-title h5"
            >
              Try another page...
            </div>
            <menu
              class="tm-part-menu"
            />
          </div>
        </header>
        <main
          class="tm-part-main"
        >
          <a
            class="tm-li tm-li-link router-link-exact-active router-link-active"
            href="#/"
          >
            <div
              class="tm-li-container"
            >
              <div
                class="tm-li-thumb"
              >
                <!---->
              </div>
              <div
                class="tm-li-label"
              >
                <div
                  class="tm-li-title"
                >
                  Wallet
                </div>
                <div
                  class="tm-li-subtitle"
                >
                  
                </div>
              </div>
              <div
                class="tm-li-icon"
              >
                <i
                  class="material-icons inactive"
                >
                  chevron_right
                </i>
                <i
                  class="material-icons active"
                >
                  my_location
                </i>
              </div>
            </div>
          </a>
          <a
            class="tm-li tm-li-link"
            href="#/staking"
          >
            <div
              class="tm-li-container"
            >
              <div
                class="tm-li-thumb"
              >
                <!---->
              </div>
              <div
                class="tm-li-label"
              >
                <div
                  class="tm-li-title"
                >
                  Staking
                </div>
                <div
                  class="tm-li-subtitle"
                >
                  
                </div>
              </div>
              <div
                class="tm-li-icon"
              >
                <i
                  class="material-icons inactive"
                >
                  chevron_right
                </i>
                <i
                  class="material-icons active"
                >
                  my_location
                </i>
              </div>
            </div>
          </a>
        </main>
      </div>
    </section>
    <div
      class="ps__rail-x"
      style="left: 0px; top: 0px;"
    >
      <div
        class="ps__thumb-x"
        style="left: 0px; width: 0px;"
        tabindex="0"
      />
    </div>
    <div
      class="ps__rail-y"
      style="top: 0px; left: 0px;"
    >
      <div
        class="ps__thumb-y"
        style="top: 0px; height: 0px;"
        tabindex="0"
      />
    </div>
  </main>
</div>
`;
