// Jest Snapshot v1, https://goo.gl/fbAQLP

exports[`TmBalance show the balance header 1`] = `
<div
  class="header-balance"
>
  <div
    class="top"
  >
    <div
      class="total-atoms top-section"
    >
      <h3>
        Total STAKE
      </h3>
       
      <h2
        class="total-atoms__value"
      >
        
        3,210
      
      </h2>
       
      <bech32-stub
        address="cosmos1address"
      />
    </div>
     
    <div
      class="second-row"
    >
      <div
        class="unbonded-atoms top-section"
      >
        <h3>
          Liquid STAKE
        </h3>
         
        <h2>
          1,230
        </h2>
      </div>
       
      <div
        class="top-section"
      >
        <h3>
          Available Rewards
        </h3>
         
        <h2>
          1,000,450
        </h2>
         
        <tmbtn-stub
          class="withdraw-rewards"
          id="withdraw-btn"
          size="sm"
          to=""
          type="anchor"
          value="Withdraw"
        />
      </div>
    </div>
  </div>
    
  <modalwithdrawrewards-stub
    denom="stake"
    rewards="1000450000000"
  />
</div>
`;
