// Jest Snapshot v1, https://goo.gl/fbAQLP

exports[`TmHardwareState has the expected html structure 1`] = `
"<div class=\\"tm-hardware-state\\">
   <i class=\\"tm-hardware-state__icon material-icons fa-spin\\">rotate_right</i>
   <div class=\\"tm-hardware-state__label\\">
      Detecting your Ledger Wallet
   </div>
</div>"
`;
