// Jest Snapshot v1, https://goo.gl/fbAQLP

exports[`TmModalNodeHalted has the expected html structure 1`] = `
<div
  class="ni-modal-error__wrapper"
>
  <div
    class="ni-modal-error"
  >
    <div
      class="ni-modal-error__icon"
    >
      <i
        class="material-icons"
      >
        sync_problem
      </i>
    </div>
    <div
      class="ni-modal-error__title"
    >
      Node has halted
    </div>
    <div
      class="ni-modal-error__body"
    >
      The node your are connected to appears to have halted. You can try to connect to another node or switch to a demo connection so you can try out Voyager.
    </div>
    <div
      class="ni-modal-error__footer"
    >
      <button
        class="tm-btn"
        id="ni-modal-error__btn-retry"
      >
        <span
          class="tm-btn__container tm-btn--size-lg tm-btn--primary"
        >
          <i
            aria-hidden="true"
            class="tm-btn__icon material-icons"
          >
            autorenew
          </i>
          <!---->
          <span
            class="tm-btn__value"
          >
            Switch Node
          </span>
        </span>
      </button>
      <button
        class="tm-btn"
        id="ni-modal-error__btn-mock"
      >
        <span
          class="tm-btn__container tm-btn--size-lg"
        >
          <i
            aria-hidden="true"
            class="tm-btn__icon material-icons"
          >
            pageview
          </i>
          <!---->
          <span
            class="tm-btn__value"
          >
            Try Demo
          </span>
        </span>
      </button>
    </div>
  </div>
</div>
`;
