// Jest Snapshot v1, https://goo.gl/fbAQLP

exports[`TmModalError has the expected html structure 1`] = `
"<div class=\\"tm-modal-error__wrapper\\">
   <div class=\\"tm-modal-error\\">
      <div class=\\"tm-modal-error__icon\\">
         <i class=\\"material-icons\\">error_outline</i>
      </div>
<div class=\\"tm-modal-error__title\\">
   Voyager ran into an error
</div>
<div class=\\"tm-modal-error__body\\">
   Voyager has encountered a critical error that blocks the app from running. Please create an issue and include a copy of the app logs.
</div>
<div class=\\"tm-modal-error__footer\\">
   <a class=\\"tm-btn\\" id=\\"tm-modal-error__btn-issue\\" href=\\"https://github.com/cosmos/voyager/issues\\"><span class=\\"tm-btn__container tm-btn--size-lg tm-btn--primary\\"><i aria-hidden=\\"true\\" class=\\"tm-btn__icon material-icons\\">bug_report</i><span class=\\"tm-btn__value\\">Create an issue</span></span></a><button class=\\"tm-btn\\" id=\\"tm-modal-error__btn-logs\\"><span class=\\"tm-btn__container tm-btn--size-lg\\"><i aria-hidden=\\"true\\" class=\\"tm-btn__icon material-icons\\">info_outline</i>
   <!---->
   <span class=\\"tm-btn__value\\">View app logs</span></span></button>
</div>
</div>
</div>"
`;
