// Jest Snapshot v1, https://goo.gl/fbAQLP

exports[`TmModalHelp has the expected html structure 1`] = `
<modal-stub
  class="tm-modal-help"
  close="function () { [native code] }"
>
  <div>
    
    Need Help?
  
  </div>
   
  <p>
    
    Something in the app not working correctly? Tell us what went wrong in our
    
    <a
      href="https://riot.im/app/#/room/#cosmos:matrix.org"
    >
      developer chat
    </a>
    
    or create an issue on
    
    <a
      href="https://github.com/cosmos/voyager/issues"
    >
      GitHub
    </a>
    .
  
  </p>
   
  <p>
    Thanks for improving Cosmos Voyager!
  </p>
</modal-stub>
`;

exports[`TmModalHelp should hide 1`] = `
<modal-stub
  class="tm-modal-help"
  close="function () { [native code] }"
>
  <div>
    
    Need Help?
  
  </div>
   
  <p>
    
    Something in the app not working correctly? Tell us what went wrong in our
    
    <a
      href="https://riot.im/app/#/room/#cosmos:matrix.org"
    >
      developer chat
    </a>
    
    or create an issue on
    
    <a
      href="https://github.com/cosmos/voyager/issues"
    >
      GitHub
    </a>
    .
  
  </p>
   
  <p>
    Thanks for improving Cosmos Voyager!
  </p>
</modal-stub>
`;
