// Jest Snapshot v1, https://goo.gl/fbAQLP

exports[`TmOnboarding has the expected html structure 0 1`] = `
<div
  class="tm-session-wrapper"
  id="onboarding"
>
  <div
    class="tm-session"
  >
    <div
      class="tm-session-container"
    >
      <div
        class="tm-session-header"
      >
        <div
          class="tm-session-title"
        >
          
          Welcome to Voyager
        
        </div>
      </div>
       
      <div
        class="tm-session-main"
      >
        <div
          class="tm-session-label"
        >
          
          This is a quick tour of the primary features of Cosmos Voyager.
        
        </div>
         
        <img
          src="function mockConstructor() {
        return fn.apply(this, arguments);
      }"
        />
         
        <tmbardiscrete-stub
          active="0"
          clickfn="function () { [native code] }"
          nodes="This is a quick tour of the primary features of Cosmos Voyager.,You can send and receive Cosmos tokens from anyone around the world.,You can delegate your STAKE to Cosmos Validators to earn even more STAKE.,Through governance, you can vote on the future of the Cosmos Network.,Start using Voyager to explore the Cosmos Network!"
        />
      </div>
       
      <div
        class="tm-session-footer"
      >
        <tmbtn-stub
          icon="close"
          value="Skip"
        />
         
        <tmbtn-stub
          color="primary"
          icon="chevron_right"
          iconpos="right"
          value="Next"
        />
      </div>
    </div>
  </div>
</div>
`;
