// Jest Snapshot v1, https://goo.gl/fbAQLP

exports[`TmSessionLoading has the expected html structure 1`] = `
"<div class=\\"tm-session\\">
   <div class=\\"tm-session-container\\">
      <div class=\\"tm-session-header\\">
         <div class=\\"tm-session-title\\">
            Connecting to 'mock-net'…
         </div>
</div>
<div class=\\"tm-session-main\\">
   &nbsp;
</div>
<div class=\\"tm-session-footer\\">
   &nbsp;
</div>
</div>
</div>"
`;
