// Jest Snapshot v1, https://goo.gl/fbAQLP

exports[`TogggleBtn has the expected html structure 1`] = `
<span
  class="btn--select-wrapper"
>
  <button
    class="ni-btn"
  >
    <span
      class="ni-btn__container"
    >
      <!---->
      <!---->
      <span
        class="ni-btn__value"
      >
        HALLO
      </span>
    </span>
  </button>
</span>
`;
