// Jest Snapshot v1, https://goo.gl/fbAQLP

exports[`ToolBar has the expected html structure 1`] = `
<div
  class="tm-tool-bar"
>
  <a
    class="back"
    disabled="disabled"
  >
    <i
      class="material-icons"
    >
      arrow_back
    </i>
  </a>
   
  <a
    class="help"
  >
    <i
      class="material-icons"
    >
      help_outline
    </i>
  </a>
   
  <router-link-stub
    id="settings"
    to="/preferences"
  >
    <i
      class="material-icons"
    >
      settings
    </i>
  </router-link-stub>
  <a
    id="signOut-btn"
  >
    <i
      class="material-icons"
    >
      exit_to_app
    </i>
  </a>
</div>
`;
