// Jest Snapshot v1, https://goo.gl/fbAQLP

exports[`TransactionMetadata renders correct transaction metadata 1`] = `
<div
  class="tx__metadata"
>
  <div
    class="meta-left"
  >
    <p>
      
      Block
      
      <span>
        #123
      </span>
      
       
      <i
        class="material-icons notranslate"
      >
        access_time
      </i>
       10:15:51
    
    </p>
     
    <!---->
     
    <p>
      
      Fees: 
      
      <span>
         0 
      </span>
    </p>
     
    <p
      class="hash-container"
    >
      
      Hash: 
      <span
        class="hash"
      >
        A0DEB29E97A4DF38289D55D63C5724588985E1D35B26518CB66EAF96CFEF2E04
      </span>
    </p>
  </div>
   
  <!---->
</div>
`;
