// Jest Snapshot v1, https://goo.gl/fbAQLP

exports[`NiModal has the expected html structure 1`] = `
<div
  class="ni-modal"
>
  <div
    class="ni-modal-container"
  >
    <header
      class="ni-modal-header"
    >
      <!---->
      <div
        class="ni-modal-title"
      />
      <div
        class="ni-modal-icon ni-modal-close"
      >
        <i
          class="material-icons"
        >
          close
        </i>
      </div>
    </header>
    <main
      class="ni-modal-main"
    />
    <footer
      class="ni-modal-footer"
    />
  </div>
</div>
`;
