// Jest Snapshot v1, https://goo.gl/fbAQLP

exports[`NiSessionSignIn has the expected html structure 1`] = `
"<div class=\\"ni-session\\">
   <form class=\\"ni-session-container ni-form\\">
      <div class=\\"ni-form-container\\">
         <!---->
         <main class=\\"ni-form-main\\">
            <div class=\\"ni-session-header\\">
               <a><i class=\\"material-icons\\">arrow_back</i></a>
               <div class=\\"ni-session-title\\">
                  Sign In
               </div>
      <a><i class=\\"material-icons\\">help_outline</i></a>
   </div>
      <div class=\\"ni-session-main\\">
         <div class=\\"label-container ni-form-group\\">
            <span class=\\"ni-form-group__sub-label\\"></span><label for=\\"sign-in-name\\" class=\\"ni-form-group__label\\">Select Account</label>
            <div class=\\"ni-form-group__field\\">
               <div class=\\"ni-select\\" id=\\"sign-in-name\\">
                  <select class=\\"ni-field ni-field-select\\">
                  <option value=\\"\\" disabled=\\"disabled\\" selected=\\"selected\\" hidden=\\"hidden\\">
                     Select option...
                  </option>
                     <!---->
                     <!---->
                     <!---->
                     <!---->
                     <!---->
                     <!---->
                     <!---->
                     <!---->
                     <!---->
                     <!---->
                     <!---->
                     <!---->
                     <!---->
                     <!---->
                     <!---->
                     <!---->
                     <!---->
                     <!---->
                     <!---->
                     <!---->
                     <!---->
                     <!---->
                     <!---->
                     <!---->
                     <!---->
                     <!---->
                     <!---->
                     <!---->
                     <!---->
                     <!---->
                     <!---->
                     <!---->
                     <!---->
                     <!---->
                     <!---->
                     <!---->
                     <!---->
                     <!---->
                     <!---->
                     <!---->
                     <!---->
                     <!---->
                     <!---->
                     <!---->
                     <!---->
                     <!---->
                     <!---->
                     <!---->
                     <!---->
                     <!---->
                     <!---->
                     <!---->
                     <!---->
                     <!---->
                     <!---->
                     <!---->
                     <!---->
                     <!---->
                     <!---->
                     <!---->
                     <!---->
                     <!---->
                     <!---->
                     <!---->
                     <!---->
                     <!---->
                     <!---->
                     <!---->
                     <!---->
                     <!---->
                     <!---->
                     <!---->
                     <!---->
                     <!---->
                     <!---->
                     <!---->
                     <!---->
                     <!---->
                     <!---->
                     <!---->
                     <!---->
                     <!---->
                     <!---->
                     <!---->
                     <!---->
                     <!---->
                     <!---->
                     <!---->
                     <!---->
                     <!---->
                     <!---->
                     <!---->
                     <!---->
                     <!---->
                     <!---->
                     <!---->
                     <!---->
                     <!---->
                     <!---->
                     <!---->
                     <!---->
                     <!---->
                     <!---->
                     <!---->
                     <!---->
                     <!---->
                     <!---->
                     <!---->
                     <!---->
                     <!---->
                     <!---->
                     <!---->
                     <!---->
                     <!---->
                     <!---->
                     <!---->
                     <!---->
                     <!---->
                     <!---->
                     <!---->
                     <!---->
                     <!---->
                     <!---->
                     <!---->
                     <!---->
                     <!---->
                     <!---->
                     <!---->
                     <!---->
                     <!---->
                     <!---->
                     <!---->
                     <!---->
                     <!---->
                     <!---->
                     <!---->
                     <!---->
                     <!---->
                     <!---->
                     <!---->
                     <!---->
                     <!---->
                     <!---->
                     <!---->
                     <!---->
                     <!---->
                     <!---->
                     <!---->
                     <!---->
                     <!---->
                     <!---->
                     <!---->
                     <!---->
                     <!---->
                     <!---->
                     <!---->
                     <!---->
                     <!---->
                     <!---->
                     <!---->
                     <!---->
                     <!---->
                     <!---->
                     <!---->
                     <!---->
                     <!---->
                     <!---->
                     <!---->
                     <!---->
                     <!---->
                     <!---->
                     <!---->
                     <!---->
                     <!---->
                     <!---->
                     <!---->
                     <!---->
                     <!---->
                     <!---->
                     <!---->
                     <!---->
                     <!---->
                     <!---->
                     <!---->
                     <!---->
                     <!---->
                     <!---->
                     <!---->
                     <!---->
                     <!---->
                     <!---->
                     <!---->
                     <!---->
                     <!---->
                     <!---->
                     <!---->
                     <!---->
                     <!---->
                     <!---->
                     <!---->
                     <!---->
                     <!---->
                     <!---->
                     <!---->
                     <!---->
                     <!---->
                     <!---->
                     <!---->
                     <!---->
                     <!---->
                     <!---->
                     <!---->
                     <!---->
                     <!---->
                     <!---->
                     <!---->
                     <!---->
                     <!---->
                     <!---->
                     <!---->
                     <!---->
                     <!---->
                     <!---->
                     <!---->
                     <!---->
                     <!---->
                     <!---->
                     <!---->
                     <!---->
                     <!---->
                     <!---->
                     <!---->
                     <!---->
                     <!---->
                     <!---->
                     <!---->
                     <!---->
                     <!---->
                     <!---->
                     <!---->
                     <!---->
                     <!---->
                     <!---->
                     <!---->
                     <!---->
                  </select>
                  <div class=\\"ni-field-select-addon\\">
                     <i class=\\"material-icons\\">arrow_drop_down</i>
                  </div>
</div>
      <div class=\\"ni-form-msg sm ni-form-msg--error\\">
         Name is required
      </div>
</div>
</div>
      <div class=\\"label-container ni-form-group\\">
         <span class=\\"ni-form-group__sub-label\\"></span><label for=\\"sign-in-password\\" class=\\"ni-form-group__label\\">Password</label>
         <div class=\\"ni-form-group__field\\">
            <input type=\\"password\\" class=\\"ni-field\\" id=\\"sign-in-password\\">
            <div class=\\"ni-form-msg sm ni-form-msg--error\\">
               Password is required
            </div>
               <!---->
   </div>
</div>
</div>
      <div class=\\"ni-session-footer\\">
         <button class=\\"ni-btn\\"><span class=\\"ni-btn-container ni-btn-icon-right ni-btn-size-lg\\"><i aria-hidden=\\"true\\" class=\\"ni-btn-icon material-icons\\">arrow_forward</i><span class=\\"ni-btn-value\\">Next</span></span></button>
      </div>
</main>
      <!---->
</div>
</form>
</div>"
`;
