// Jest Snapshot v1, https://goo.gl/fbAQLP

exports[`PageBond has the expected html structure 1`] = `
<div
  class="ni-page page-bond"
>
  <header
    class="ni-page-header"
  >
    <div
      class="ni-page-header-container"
    >
      <div
        class="ni-page-header-text"
      >
        <div
          class="ni-page-header-title"
        >
          <h2>
            Bond Atoms
          </h2>
        </div>
        <div
          class="ni-page-header-subtitle"
        >
          <h3>
            
          </h3>
        </div>
      </div>
      <menu
        class="ni-page-header-menu"
      >
        <div>
          <div>
            <div
              class="ni-tool-bar"
            >
              <div
                class="ni-tool-bar-container"
              >
                <div
                  class="main"
                >
                  <a
                    class="router-link-exact-active router-link-active"
                    href="#/staking"
                  >
                    <i
                      class="material-icons"
                    >
                      arrow_back
                    </i>
                    <div
                      class="label"
                    >
                      Back
                    </div>
                  </a>
                </div>
                <a
                  class="help"
                >
                  <i
                    class="material-icons"
                  >
                    help_outline
                  </i>
                </a>
              </div>
            </div>
          </div>
        </div>
      </menu>
    </div>
  </header>
  <main
    class="ni-page-main"
  >
    <section
      class="ni-part"
    >
      <div
        class="ni-part-container"
      >
        <header
          class="ni-part-header"
        >
          <div
            class="ni-part-header-container"
          >
            <div
              class="ni-part-title h5"
            >
              Your Atoms
            </div>
            <menu
              class="ni-part-menu"
            />
          </div>
        </header>
        <main
          class="ni-part-main"
        >
          <div
            class="ni-li"
          >
            <div
              class="ni-li-container"
            >
              <div
                class="ni-li-thumb"
              >
                <!---->
              </div>
              <div
                class="ni-li-dl"
              >
                <div
                  class="ni-li-dt"
                >
                  Total Atoms
                </div>
                <div
                  class="ni-li-dd"
                >
                  101
                </div>
              </div>
            </div>
          </div>
          <div
            class="ni-li"
          >
            <div
              class="ni-li-container"
            >
              <div
                class="ni-li-thumb"
              >
                <!---->
              </div>
              <div
                class="ni-li-dl"
              >
                <div
                  class="ni-li-dt"
                >
                  Total Bonded Atoms
                </div>
                <div
                  class="ni-li-dd"
                >
                  0
                </div>
              </div>
            </div>
          </div>
          <div
            class="ni-li"
          >
            <div
              class="ni-li-container"
            >
              <div
                class="ni-li-thumb"
              >
                <!---->
              </div>
              <div
                class="ni-li-dl"
              >
                <div
                  class="ni-li-dt"
                >
                  Unbonded Atoms
                </div>
                <div
                  class="ni-li-dd"
                >
                  101
                </div>
              </div>
            </div>
          </div>
        </main>
      </div>
    </section>
    <section
      class="ni-part"
    >
      <div
        class="ni-part-container"
      >
        <header
          class="ni-part-header"
        >
          <div
            class="ni-part-header-container"
          >
            <div
              class="ni-part-title h5"
            >
              Selected Delegates
            </div>
            <menu
              class="ni-part-menu"
            />
          </div>
        </header>
        <main
          class="ni-part-main"
        >
          <form
            class="ni-form"
          >
            <div
              class="ni-form-container"
            >
              <!---->
              <main
                class="ni-form-main"
              >
                <div
                  class="alloc-action-container"
                >
                  <button
                    class="ni-btn equalize"
                    type="button"
                  >
                    <span
                      class="ni-btn-container"
                    >
                      <!---->
                      <span
                        class="ni-btn-value"
                      >
                        Split Allocation Equally
                      </span>
                    </span>
                  </button>
                  <button
                    class="ni-btn reserved-atoms__restart"
                    type="button"
                  >
                    <span
                      class="ni-btn-container"
                    >
                      <!---->
                      <span
                        class="ni-btn-value"
                      >
                        Reset Allocation 
                      </span>
                    </span>
                  </button>
                </div>
                <div
                  class="label-container ni-form-group"
                >
                  <span
                    class="ni-form-group__sub-label"
                  >
                    Previously bonded 0 Atoms
                  </span>
                  <label
                    class="ni-form-group__label"
                    for="delegate-field"
                  >
                    someValidator
                  </label>
                  <div
                    class="ni-form-group__field"
                  >
                    <div
                      class="ni-field-group"
                    >
                      <input
                        class="ni-field"
                        placeholder="Atoms"
                        step="any"
                        type="number"
                      />
                      <div
                        class="ni-field-addon"
                      >
                        Atoms
                      </div>
                      <button
                        class="ni-btn remove"
                        type="button"
                      >
                        <span
                          class="ni-btn-container"
                        >
                          <i
                            aria-hidden="true"
                            class="ni-btn-icon material-icons"
                          >
                            clear
                          </i>
                          <!---->
                        </span>
                      </button>
                    </div>
                    <!---->
                    <!---->
                    <!---->
                  </div>
                </div>
                <div
                  class="label-container ni-form-group"
                >
                  <span
                    class="ni-form-group__sub-label"
                  >
                    Previously bonded 0 Atoms
                  </span>
                  <label
                    class="ni-form-group__label"
                    for="delegate-field"
                  >
                    someOtherValidator
                  </label>
                  <div
                    class="ni-form-group__field"
                  >
                    <div
                      class="ni-field-group"
                    >
                      <input
                        class="ni-field"
                        placeholder="Atoms"
                        step="any"
                        type="number"
                      />
                      <div
                        class="ni-field-addon"
                      >
                        Atoms
                      </div>
                      <button
                        class="ni-btn remove"
                        type="button"
                      >
                        <span
                          class="ni-btn-container"
                        >
                          <i
                            aria-hidden="true"
                            class="ni-btn-icon material-icons"
                          >
                            clear
                          </i>
                          <!---->
                        </span>
                      </button>
                    </div>
                    <!---->
                    <!---->
                    <!---->
                  </div>
                </div>
                <ul
                  class="reserved-atoms"
                >
                  <!---->
                  <!---->
                  <!---->
                  <!---->
                  <li
                    class="reserved-atoms--warning"
                  >
                    The unbonding period is 
                    <b>
                      30
                    </b>
                     days.
                  </li>
                </ul>
                <div
                  class="submit-container"
                >
                  <span />
                  <button
                    class="ni-btn bond"
                  >
                    <span
                      class="ni-btn-container"
                    >
                      <!---->
                      <span
                        class="ni-btn-value"
                      >
                        Submit
                      </span>
                    </span>
                  </button>
                </div>
              </main>
              <!---->
            </div>
          </form>
        </main>
      </div>
    </section>
  </main>
</div>
`;
